// Jest Snapshot v1, https://goo.gl/fbAQLP

exports[`Initial snapshot 1`] = `
<div
  className="form-container"
>
  <h1>
    Account 
    <span
      className="text-primary"
    >
      Register
    </span>
  </h1>
  <form
    id="form"
    onSubmit={[Function]}
  >
    <div
      className="form-group"
    >
      <label>
        Full Name
      </label>
      <input
        id="name"
        name="name"
        onChange={[Function]}
        type="text"
        value=""
      />
      <span
        className="text-danger"
        id="name-error"
      />
    </div>
    <div
      className="form-group"
    >
      <label>
        Email Address
      </label>
      <input
        id="email"
        name="email"
        onChange={[Function]}
        type="text"
        value=""
      />
      <span
        className="text-danger"
        id="email-error"
      />
    </div>
    <div
      className="form-group"
    >
      <label>
        Availability
      </label>
      <input
        id="availability"
        name="availability"
        onChange={[Function]}
        type="text"
        value=""
      />
      <span
        className="text-danger"
        id="avai-error"
      />
    </div>
    <div
      className="form-group"
    >
      <input
        id="flexiable"
        name="Flexible"
        onChange={[Function]}
        type="checkbox"
        value={false}
      />
      <label>
        Flexiable
      </label>
      <br />
    </div>
    <input
      className="btn btn-primary btn-block"
      id="button"
      type="submit"
      value="Register"
    />
  </form>
</div>
`;
